Microchip MPLAB XC8 Compiler V2.10 ()

Linker command line:

-W-3 --edf=C:\Program Files (x86)\Microchip\xc8\v2.10\pic\dat\en_msgs.txt \
  -cs -h+dist/default/production\Record_203.production.sym \
  --cmf=dist/default/production\Record_203.production.cmf -z -Q18F4620 \
  -oC:\Users\AHMED~1.ELG\AppData\Local\Temp\s7eo.2 --defsym=__MPLAB_BUILD=1 \
  -Mdist/default/production/Record_203.production.map -E1 -ver=XC8 \
  --acfsm=1493 -ASTACK=080h-0F7Fh -pstack=STACK -ACODE=00h-0FFFFh \
  -ACONST=00h-0FFFFh -ASMALLCONST=01000h-010FFhx240 \
  -AMEDIUMCONST=01000h-0FFFFh -ACOMRAM=01h-07Fh -AABS1=00h-0F7Fh \
  -ABIGRAM=01h-0F7Fh -ARAM=080h-0FFh,0100h-01FFhx14,0F00h-0F7Fh \
  -ABANK0=080h-0FFh -ABANK1=0100h-01FFh -ABANK2=0200h-02FFh \
  -ABANK3=0300h-03FFh -ABANK4=0400h-04FFh -ABANK5=0500h-05FFh \
  -ABANK6=0600h-06FFh -ABANK7=0700h-07FFh -ABANK8=0800h-08FFh \
  -ABANK9=0900h-09FFh -ABANK10=0A00h-0AFFh -ABANK11=0B00h-0BFFh \
  -ABANK12=0C00h-0CFFh -ABANK13=0D00h-0DFFh -ABANK14=0E00h-0EFFh \
  -ABANK15=0F00h-0F7Fh -ASFR=0F80h-0FFFh \
  -preset_vec=00h,intcode,intcodelo,powerup,init -pramtop=01000h \
  -psmallconst=SMALLCONST -pmediumconst=MEDIUMCONST -pconst=CONST \
  -AFARRAM=00h-00h -ACONFIG=0300000h-030000Dh -pconfig=CONFIG \
  -AIDLOC=0200000h-0200007h -pidloc=IDLOC -AEEDATA=0F00000h-0F003FFh \
  -peeprom_data=EEDATA \
  -prdata=COMRAM,nvrram=COMRAM,nvbit=COMRAM,rbss=COMRAM,rbit=COMRAM \
  -pfarbss=FARRAM,fardata=FARRAM,nvFARRAM=FARRAM \
  -pintsave_regs=BIGRAM,bigbss=BIGRAM,bigdata=BIGRAM -pbss=RAM \
  -pidata=CODE,irdata=CODE,ibigdata=CODE,ifardata=CODE -prparam=COMRAM \
  C:\Users\AHMED~1.ELG\AppData\Local\Temp\s7eo.o \
  dist/default/production\Record_203.production.o 

Object code version is 3.11

Machine type is 18F4620

Call graph: (short form)




                Name                               Link     Load   Length Selector   Space Scale
C:\Users\AHMED~1.ELG\AppData\Local\Temp\s7eo.o
                init                                  0        0        4        0       0
                idloc                            200000   200000        8   200000       0
                config                           300000   300000        E   300000       0
dist/default/production\Record_203.production.o
                text7                              FEBC     FEBC      144     7F5E       0
                text6                              FD90     FD90      12C     7EC8       0
                text5                              FB2A     FB2A       66     7D95       0
                text4                              FC7C     FC7C       7C     7E3E       0
                text3                              FAC6     FAC6       32     7D63       0
                text2                              FB90     FB90       76     7DC8       0
                text1                              FC06     FC06       76     7E03       0
                text0                              FCF8     FCF8       98     7E7C       0
                cstackCOMRAM                         23       23       16        1       1
                dataCOMRAM                            1        1       22        1       1
                bssCOMRAM                            39       39        4        1       1
                cinit                              FAF8     FAF8       32     7D7C       0
                idataCOMRAM                        FAA4     FAA4       22     FAA4       0

TOTAL           Name                               Link     Load   Length     Space
        CLASS   STACK          

        CLASS   CODE           
                init                                  0        0        4         0
                text7                              FEBC     FEBC      144         0
                text6                              FD90     FD90      12C         0
                text5                              FB2A     FB2A       66         0
                text4                              FC7C     FC7C       7C         0
                text3                              FAC6     FAC6       32         0
                text2                              FB90     FB90       76         0
                text1                              FC06     FC06       76         0
                text0                              FCF8     FCF8       98         0
                cinit                              FAF8     FAF8       32         0
                idataCOMRAM                        FAA4     FAA4       22         0

        CLASS   CONST          

        CLASS   SMALLCONST     

        CLASS   MEDIUMCONST    

        CLASS   COMRAM         
                cstackCOMRAM                         23       23       16         1
                dataCOMRAM                            1        1       22         1
                bssCOMRAM                            39       39        4         1

        CLASS   ABS1           

        CLASS   BIGRAM         

        CLASS   RAM            

        CLASS   BANK0          

        CLASS   BANK1          

        CLASS   BANK2          

        CLASS   BANK3          

        CLASS   BANK4          

        CLASS   BANK5          

        CLASS   BANK6          

        CLASS   BANK7          

        CLASS   BANK8          

        CLASS   BANK9          

        CLASS   BANK10         

        CLASS   BANK11         

        CLASS   BANK12         

        CLASS   BANK13         

        CLASS   BANK14         

        CLASS   BANK15         

        CLASS   SFR            

        CLASS   FARRAM         

        CLASS   CONFIG         
                config                           300000   300000        E         0

        CLASS   IDLOC          
                idloc                            200000   200000        8         0

        CLASS   EEDATA         



SEGMENTS        Name                           Load    Length   Top    Selector   Space  Class

                reset_vec                      000000  000004  000004         0       0  CODE    
                dataCOMRAM                     000001  00003C  00003D         1       1  COMRAM  
                idataCOMRAM                    00FAA4  000022  00FAC6      FAA4       0  CODE    
                text3                          00FAC6  000032  00FAF8      7D63       0  CODE    
                cinit                          00FAF8  000032  00FB2A      7D7C       0  CODE    
                text5                          00FB2A  000066  00FB90      7D95       0  CODE    
                text2                          00FB90  000076  00FC06      7DC8       0  CODE    
                text1                          00FC06  000076  00FC7C      7E03       0  CODE    
                text4                          00FC7C  00007C  00FCF8      7E3E       0  CODE    
                text0                          00FCF8  000098  00FD90      7E7C       0  CODE    
                text6                          00FD90  00012C  00FEBC      7EC8       0  CODE    
                text7                          00FEBC  000144  010000      7F5E       0  CODE    
                idloc                          200000  000008  200008    200000       0  IDLOC   
                config                         300000  00000E  30000E    300000       0  CONFIG  


UNUSED ADDRESS RANGES

        Name                Unused          Largest block    Delta
        BANK0            000080-0000FF               80
        BANK1            000100-0001FF              100
        BANK10           000A00-000AFF              100
        BANK11           000B00-000BFF              100
        BANK12           000C00-000CFF              100
        BANK13           000D00-000DFF              100
        BANK14           000E00-000EFF              100
        BANK15           000F00-000F7F               80
        BANK2            000200-0002FF              100
        BANK3            000300-0003FF              100
        BANK4            000400-0004FF              100
        BANK5            000500-0005FF              100
        BANK6            000600-0006FF              100
        BANK7            000700-0007FF              100
        BANK8            000800-0008FF              100
        BANK9            000900-0009FF              100
        BIGRAM           00003D-000F7F              F43
        CODE             000004-00FAA3             FAA0
        COMRAM           00003D-00007F               43
        CONST            000004-00FAA3             FAA0
        EEDATA           F00000-F003FF              400
        MEDIUMCONST      001000-00FAA3             EAA4
        RAM              000080-000F7F              100
        SFR              000F80-000FFF               80
        SMALLCONST       001000-00FAA3              100
        STACK            000080-000F7F              F00

                                  Symbol Table

_LATA                                    (abs)        000F89
_LATB                                    (abs)        000F8A
_LATC                                    (abs)        000F8B
_LATD                                    (abs)        000F8C
_LATE                                    (abs)        000F8D
_PORTA                                   (abs)        000F80
_PORTB                                   (abs)        000F81
_PORTC                                   (abs)        000F82
_PORTD                                   (abs)        000F83
_PORTE                                   (abs)        000F84
_TRISA                                   (abs)        000F92
_TRISB                                   (abs)        000F93
_TRISC                                   (abs)        000F94
_TRISD                                   (abs)        000F95
_TRISE                                   (abs)        000F96
__CFG_BOREN$SBORDIS                      (abs)        000000
__CFG_BORV$3                             (abs)        000000
__CFG_CCP2MX$PORTC                       (abs)        000000
__CFG_CP0$OFF                            (abs)        000000
__CFG_CP1$OFF                            (abs)        000000
__CFG_CP2$OFF                            (abs)        000000
__CFG_CP3$OFF                            (abs)        000000
__CFG_CPB$OFF                            (abs)        000000
__CFG_CPD$OFF                            (abs)        000000
__CFG_EBTR0$OFF                          (abs)        000000
__CFG_EBTR1$OFF                          (abs)        000000
__CFG_EBTR2$OFF                          (abs)        000000
__CFG_EBTR3$OFF                          (abs)        000000
__CFG_EBTRB$OFF                          (abs)        000000
__CFG_FCMEN$OFF                          (abs)        000000
__CFG_IESO$OFF                           (abs)        000000
__CFG_LPT1OSC$OFF                        (abs)        000000
__CFG_LVP$OFF                            (abs)        000000
__CFG_MCLRE$ON                           (abs)        000000
__CFG_OSC$HS                             (abs)        000000
__CFG_PBADEN$OFF                         (abs)        000000
__CFG_PWRT$OFF                           (abs)        000000
__CFG_STVREN$ON                          (abs)        000000
__CFG_WDT$OFF                            (abs)        000000
__CFG_WDTPS$32768                        (abs)        000000
__CFG_WRT0$OFF                           (abs)        000000
__CFG_WRT1$OFF                           (abs)        000000
__CFG_WRT2$OFF                           (abs)        000000
__CFG_WRT3$OFF                           (abs)        000000
__CFG_WRTB$OFF                           (abs)        000000
__CFG_WRTC$OFF                           (abs)        000000
__CFG_WRTD$OFF                           (abs)        000000
__CFG_XINST$OFF                          (abs)        000000
__HRAM                                   (abs)        000000
__Habs1                                  abs1         000000
__Hbank0                                 bank0        000000
__Hbank1                                 bank1        000000
__Hbank10                                bank10       000000
__Hbank11                                bank11       000000
__Hbank12                                bank12       000000
__Hbank13                                bank13       000000
__Hbank14                                bank14       000000
__Hbank15                                bank15       000000
__Hbank2                                 bank2        000000
__Hbank3                                 bank3        000000
__Hbank4                                 bank4        000000
__Hbank5                                 bank5        000000
__Hbank6                                 bank6        000000
__Hbank7                                 bank7        000000
__Hbank8                                 bank8        000000
__Hbank9                                 bank9        000000
__Hbigbss                                bigbss       000000
__Hbigdata                               bigdata      000000
__Hbigram                                bigram       000000
__Hbss                                   bss          000000
__HbssCOMRAM                             bssCOMRAM    000000
__Hcinit                                 cinit        000000
__Hclrtext                               clrtext      000000
__Hcomram                                comram       000000
__Hconfig                                config       30000E
__Hconst                                 const        000000
__HcstackCOMRAM                          cstackCOMRAM 000000
__Hdata                                  data         000000
__HdataCOMRAM                            dataCOMRAM   000000
__Heeprom_data                           eeprom_data  000000
__Hfarbss                                farbss       000000
__Hfardata                               fardata      000000
__Hibigdata                              ibigdata     000000
__Hidata                                 idata        000000
__HidataCOMRAM                           idataCOMRAM  000000
__Hidloc                                 idloc        200008
__Hifardata                              ifardata     000000
__Hinit                                  init         000004
__Hintcode                               intcode      000000
__Hintcode_body                          intcode_body 000000
__Hintcodelo                             intcodelo    000000
__Hintentry                              intentry     000000
__Hintret                                intret       000000
__Hintsave_regs                          intsave_regs 000000
__Hirdata                                irdata       000000
__Hmediumconst                           mediumconst  000000
__HnvFARRAM                              nvFARRAM     000000
__Hnvbit                                 nvbit        000000
__Hnvrram                                nvrram       000000
__Hparam                                 rparam       000000
__Hpowerup                               powerup      000000
__Hram                                   ram          000000
__Hramtop                                ramtop       001000
__Hrbit                                  rbit         000000
__Hrbss                                  rbss         000000
__Hrdata                                 rdata        000000
__Hreset_vec                             reset_vec    000000
__Hrparam                                rparam       000000
__Hsfr                                   sfr          000000
__Hsmallconst                            smallconst   000000
__Hspace_0                               (abs)        30000E
__Hspace_1                               (abs)        00003D
__Hspace_2                               (abs)        000000
__Hstack                                 stack        000000
__Hstruct                                struct       000000
__Htemp                                  temp         000000
__Htext                                  text         000000
__Htext0                                 text0        000000
__Htext1                                 text1        000000
__Htext2                                 text2        000000
__Htext3                                 text3        000000
__Htext4                                 text4        000000
__Htext5                                 text5        000000
__Htext6                                 text6        000000
__Htext7                                 text7        000000
__LRAM                                   (abs)        000001
__Labs1                                  abs1         000000
__Lbank0                                 bank0        000000
__Lbank1                                 bank1        000000
__Lbank10                                bank10       000000
__Lbank11                                bank11       000000
__Lbank12                                bank12       000000
__Lbank13                                bank13       000000
__Lbank14                                bank14       000000
__Lbank15                                bank15       000000
__Lbank2                                 bank2        000000
__Lbank3                                 bank3        000000
__Lbank4                                 bank4        000000
__Lbank5                                 bank5        000000
__Lbank6                                 bank6        000000
__Lbank7                                 bank7        000000
__Lbank8                                 bank8        000000
__Lbank9                                 bank9        000000
__Lbigbss                                bigbss       000000
__Lbigdata                               bigdata      000000
__Lbigram                                bigram       000000
__Lbss                                   bss          000000
__LbssCOMRAM                             bssCOMRAM    000000
__Lcinit                                 cinit        000000
__Lclrtext                               clrtext      000000
__Lcomram                                comram       000000
__Lconfig                                config       300000
__Lconst                                 const        000000
__LcstackCOMRAM                          cstackCOMRAM 000000
__Ldata                                  data         000000
__LdataCOMRAM                            dataCOMRAM   000000
__Leeprom_data                           eeprom_data  000000
__Lfarbss                                farbss       000000
__Lfardata                               fardata      000000
__Libigdata                              ibigdata     000000
__Lidata                                 idata        000000
__LidataCOMRAM                           idataCOMRAM  000000
__Lidloc                                 idloc        200000
__Lifardata                              ifardata     000000
__Linit                                  init         000000
__Lintcode                               intcode      000000
__Lintcode_body                          intcode_body 000000
__Lintcodelo                             intcodelo    000000
__Lintentry                              intentry     000000
__Lintret                                intret       000000
__Lintsave_regs                          intsave_regs 000000
__Lirdata                                irdata       000000
__Lmediumconst                           mediumconst  000000
__LnvFARRAM                              nvFARRAM     000000
__Lnvbit                                 nvbit        000000
__Lnvrram                                nvrram       000000
__Lparam                                 rparam       000000
__Lpowerup                               powerup      000000
__Lram                                   ram          000000
__Lramtop                                ramtop       001000
__Lrbit                                  rbit         000000
__Lrbss                                  rbss         000000
__Lrdata                                 rdata        000000
__Lreset_vec                             reset_vec    000000
__Lrparam                                rparam       000000
__Lsfr                                   sfr          000000
__Lsmallconst                            smallconst   000000
__Lspace_0                               (abs)        000000
__Lspace_1                               (abs)        000000
__Lspace_2                               (abs)        000000
__Lstack                                 stack        000000
__Lstruct                                struct       000000
__Ltemp                                  temp         000000
__Ltext                                  text         000000
__Ltext0                                 text0        000000
__Ltext1                                 text1        000000
__Ltext2                                 text2        000000
__Ltext3                                 text3        000000
__Ltext4                                 text4        000000
__Ltext5                                 text5        000000
__Ltext6                                 text6        000000
__Ltext7                                 text7        000000
__S0                                     (abs)        30000E
__S1                                     (abs)        00003D
__S2                                     (abs)        000000
___inthi_sp                              stack        000000
___intlo_sp                              stack        000000
___param_bank                            (abs)        000000
___rparam_used                           (abs)        000001
___sp                                    stack        000000
__accesstop                              (abs)        000080
__activetblptr                           (abs)        000002
__end_of__initialization                 cinit        00FB20
__end_of_application_intialize           text3        00FAF8
__end_of_gpio_pin_direction_intialize    text7        010000
__end_of_gpio_pin_intialize              text5        00FB90
__end_of_gpio_pin_write_logic            text6        00FEBC
__end_of_led_initialize                  text4        00FCF8
__end_of_led_turn_off                    text2        00FC06
__end_of_led_turn_on                     text1        00FC7C
__end_of_main                            text0        00FD90
__initialization                         cinit        00FAF8
__mediumconst                            mediumconst  000000
__pbssCOMRAM                             bssCOMRAM    000039
__pcinit                                 cinit        00FAF8
__pcstackCOMRAM                          cstackCOMRAM 000023
__pdataCOMRAM                            dataCOMRAM   000001
__pidataCOMRAM                           idataCOMRAM  00FAA4
__ptext0                                 text0        00FCF8
__ptext1                                 text1        00FC06
__ptext2                                 text2        00FB90
__ptext3                                 text3        00FAC6
__ptext4                                 text4        00FC7C
__ptext5                                 text5        00FB2A
__ptext6                                 text6        00FD90
__ptext7                                 text7        00FEBC
__ramtop                                 ramtop       001000
__size_of_application_intialize          (abs)        000000
__size_of_gpio_pin_direction_intialize   (abs)        000000
__size_of_gpio_pin_intialize             (abs)        000000
__size_of_gpio_pin_write_logic           (abs)        000000
__size_of_led_initialize                 (abs)        000000
__size_of_led_turn_off                   (abs)        000000
__size_of_led_turn_on                    (abs)        000000
__size_of_main                           (abs)        000000
__smallconst                             smallconst   000000
_application_intialize                   text3        00FAC6
_gpio_pin_direction_intialize            text7        00FEBC
_gpio_pin_intialize                      text5        00FB2A
_gpio_pin_write_logic                    text6        00FD90
_lat_registers                           dataCOMRAM   00000B
_led1                                    dataCOMRAM   000022
_led2                                    dataCOMRAM   000021
_led3                                    dataCOMRAM   000020
_led4                                    dataCOMRAM   00001F
_led_initialize                          text4        00FC7C
_led_turn_off                            text2        00FB90
_led_turn_on                             text1        00FC06
_main                                    text0        00FCF8
_port_registers                          dataCOMRAM   000001
_tris_registers                          dataCOMRAM   000015
end_of_initialization                    cinit        00FB20
gpio_pin_direction_intialize@_pin_config cstackCOMRAM 000023
gpio_pin_direction_intialize@ret         cstackCOMRAM 00002B
gpio_pin_intialize@_pin_config           cstackCOMRAM 00002D
gpio_pin_intialize@ret                   cstackCOMRAM 000030
gpio_pin_write_logic@_pin_config         cstackCOMRAM 000023
gpio_pin_write_logic@logic               cstackCOMRAM 000025
gpio_pin_write_logic@ret                 cstackCOMRAM 00002C
intlevel0                                text         000000
intlevel1                                text         000000
intlevel2                                text         000000
intlevel3                                text         000000
led_initialize@F2837                     bssCOMRAM    00003C
led_initialize@led                       cstackCOMRAM 000031
led_initialize@pin_obj                   cstackCOMRAM 000035
led_initialize@ret                       cstackCOMRAM 000034
led_turn_off@F2847                       bssCOMRAM    00003A
led_turn_off@led                         cstackCOMRAM 00002D
led_turn_off@pin_obj                     cstackCOMRAM 000031
led_turn_on@F2842                        bssCOMRAM    00003B
led_turn_on@led                          cstackCOMRAM 00002D
led_turn_on@pin_obj                      cstackCOMRAM 000031
led_turn_toggle@F2852                    bssCOMRAM    000039
stackhi                                  (abs)        000F7F
stacklo                                  (abs)        000080
start                                    init         000000
start_initialization                     cinit        00FAF8


FUNCTION INFORMATION:

 *************** function _main *****************
 Defined at:
		line 15 in file "application.c"
 Parameters:    Size  Location     Type
		None
 Auto vars:     Size  Location     Type
		None
 Return value:  Size  Location     Type
                  2  169[None  ] int 
 Registers used:
		wreg, fsr2l, fsr2h, status,2, status,0, prodl, prodh, cstack
 Tracked objects:
		On entry : 
		On exit  : 
		Unchanged: 
 Data sizes:     COMRAM   BANK0   BANK1   BANK2   BANK3   BANK4   BANK5   BANK6   BANK7   BANK8   BANK9  BANK10  BANK11  BANK12  BANK13  BANK14  BANK15
      Params:         0       0       0       0       0       0       0       0       0       0       0       0       0       0       0       0       0
      Locals:         0       0       0       0       0       0       0       0       0       0       0       0       0       0       0       0       0
      Temps:          2       0       0       0       0       0       0       0       0       0       0       0       0       0       0       0       0
      Totals:         2       0       0       0       0       0       0       0       0       0       0       0       0       0       0       0       0
Total ram usage:        2 bytes
 Hardware stack levels required when called:    4
 This function calls:
		_application_intialize
		_led_turn_off
		_led_turn_on
 This function is called by:
		Startup code after reset
 This function uses a non-reentrant model


 *************** function _led_turn_on *****************
 Defined at:
		line 37 in file "ECU_Layer/LED/ecu_led.c"
 Parameters:    Size  Location     Type
  led             2   10[COMRAM] PTR const struct .
		 -> led4(1), led3(1), led2(1), led1(1), 
 Auto vars:     Size  Location     Type
  pin_obj         1   14[COMRAM] struct .
  ret             1    0        unsigned char 
 Return value:  Size  Location     Type
                  1    wreg      unsigned char 
 Registers used:
		wreg, fsr2l, fsr2h, status,2, status,0, prodl, prodh, cstack
 Tracked objects:
		On entry : 
		On exit  : 
		Unchanged: 
 Data sizes:     COMRAM   BANK0   BANK1   BANK2   BANK3   BANK4   BANK5   BANK6   BANK7   BANK8   BANK9  BANK10  BANK11  BANK12  BANK13  BANK14  BANK15
      Params:         2       0       0       0       0       0       0       0       0       0       0       0       0       0       0       0       0
      Locals:         2       0       0       0       0       0       0       0       0       0       0       0       0       0       0       0       0
      Temps:          1       0       0       0       0       0       0       0       0       0       0       0       0       0       0       0       0
      Totals:         5       0       0       0       0       0       0       0       0       0       0       0       0       0       0       0       0
Total ram usage:        5 bytes
 Hardware stack levels used:    1
 Hardware stack levels required when called:    1
 This function calls:
		_gpio_pin_write_logic
 This function is called by:
		_main
 This function uses a non-reentrant model


 *************** function _led_turn_off *****************
 Defined at:
		line 57 in file "ECU_Layer/LED/ecu_led.c"
 Parameters:    Size  Location     Type
  led             2   10[COMRAM] PTR const struct .
		 -> led4(1), led3(1), led2(1), led1(1), 
 Auto vars:     Size  Location     Type
  pin_obj         1   14[COMRAM] struct .
  ret             1    0        unsigned char 
 Return value:  Size  Location     Type
                  1    wreg      unsigned char 
 Registers used:
		wreg, fsr2l, fsr2h, status,2, status,0, prodl, prodh, cstack
 Tracked objects:
		On entry : 
		On exit  : 
		Unchanged: 
 Data sizes:     COMRAM   BANK0   BANK1   BANK2   BANK3   BANK4   BANK5   BANK6   BANK7   BANK8   BANK9  BANK10  BANK11  BANK12  BANK13  BANK14  BANK15
      Params:         2       0       0       0       0       0       0       0       0       0       0       0       0       0       0       0       0
      Locals:         2       0       0       0       0       0       0       0       0       0       0       0       0       0       0       0       0
      Temps:          1       0       0       0       0       0       0       0       0       0       0       0       0       0       0       0       0
      Totals:         5       0       0       0       0       0       0       0       0       0       0       0       0       0       0       0       0
Total ram usage:        5 bytes
 Hardware stack levels used:    1
 Hardware stack levels required when called:    1
 This function calls:
		_gpio_pin_write_logic
 This function is called by:
		_main
 This function uses a non-reentrant model


 *************** function _application_intialize *****************
 Defined at:
		line 26 in file "application.c"
 Parameters:    Size  Location     Type
		None
 Auto vars:     Size  Location     Type
  ret             1    0        unsigned char 
 Return value:  Size  Location     Type
                  1    wreg      void 
 Registers used:
		wreg, fsr2l, fsr2h, status,2, status,0, prodl, prodh, cstack
 Tracked objects:
		On entry : 
		On exit  : 
		Unchanged: 
 Data sizes:     COMRAM   BANK0   BANK1   BANK2   BANK3   BANK4   BANK5   BANK6   BANK7   BANK8   BANK9  BANK10  BANK11  BANK12  BANK13  BANK14  BANK15
      Params:         0       0       0       0       0       0       0       0       0       0       0       0       0       0       0       0       0
      Locals:         1       0       0       0       0       0       0       0       0       0       0       0       0       0       0       0       0
      Temps:          0       0       0       0       0       0       0       0       0       0       0       0       0       0       0       0       0
      Totals:         1       0       0       0       0       0       0       0       0       0       0       0       0       0       0       0       0
Total ram usage:        1 bytes
 Hardware stack levels used:    1
 Hardware stack levels required when called:    3
 This function calls:
		_led_initialize
 This function is called by:
		_main
 This function uses a non-reentrant model


 *************** function _led_initialize *****************
 Defined at:
		line 17 in file "ECU_Layer/LED/ecu_led.c"
 Parameters:    Size  Location     Type
  led             2   14[COMRAM] PTR const struct .
		 -> led4(1), led3(1), led2(1), led1(1), 
 Auto vars:     Size  Location     Type
  pin_obj         1   18[COMRAM] struct .
  ret             1   17[COMRAM] unsigned char 
 Return value:  Size  Location     Type
                  1    wreg      unsigned char 
 Registers used:
		wreg, fsr2l, fsr2h, status,2, status,0, prodl, prodh, cstack
 Tracked objects:
		On entry : 
		On exit  : 
		Unchanged: 
 Data sizes:     COMRAM   BANK0   BANK1   BANK2   BANK3   BANK4   BANK5   BANK6   BANK7   BANK8   BANK9  BANK10  BANK11  BANK12  BANK13  BANK14  BANK15
      Params:         2       0       0       0       0       0       0       0       0       0       0       0       0       0       0       0       0
      Locals:         2       0       0       0       0       0       0       0       0       0       0       0       0       0       0       0       0
      Temps:          1       0       0       0       0       0       0       0       0       0       0       0       0       0       0       0       0
      Totals:         5       0       0       0       0       0       0       0       0       0       0       0       0       0       0       0       0
Total ram usage:        5 bytes
 Hardware stack levels used:    1
 Hardware stack levels required when called:    2
 This function calls:
		_gpio_pin_intialize
 This function is called by:
		_application_intialize
 This function uses a non-reentrant model


 *************** function _gpio_pin_intialize *****************
 Defined at:
		line 144 in file "MCAL_Layer/GPIO/hal_gpio.c"
 Parameters:    Size  Location     Type
  _pin_config     2   10[COMRAM] PTR const struct .
		 -> led_initialize@pin_obj(1), 
 Auto vars:     Size  Location     Type
  ret             1   13[COMRAM] unsigned char 
 Return value:  Size  Location     Type
                  1    wreg      unsigned char 
 Registers used:
		wreg, fsr2l, fsr2h, status,2, status,0, prodl, prodh, cstack
 Tracked objects:
		On entry : 
		On exit  : 
		Unchanged: 
 Data sizes:     COMRAM   BANK0   BANK1   BANK2   BANK3   BANK4   BANK5   BANK6   BANK7   BANK8   BANK9  BANK10  BANK11  BANK12  BANK13  BANK14  BANK15
      Params:         2       0       0       0       0       0       0       0       0       0       0       0       0       0       0       0       0
      Locals:         1       0       0       0       0       0       0       0       0       0       0       0       0       0       0       0       0
      Temps:          1       0       0       0       0       0       0       0       0       0       0       0       0       0       0       0       0
      Totals:         4       0       0       0       0       0       0       0       0       0       0       0       0       0       0       0       0
Total ram usage:        4 bytes
 Hardware stack levels used:    1
 Hardware stack levels required when called:    1
 This function calls:
		_gpio_pin_direction_intialize
		_gpio_pin_write_logic
 This function is called by:
		_led_initialize
 This function uses a non-reentrant model


 *************** function _gpio_pin_write_logic *****************
 Defined at:
		line 75 in file "MCAL_Layer/GPIO/hal_gpio.c"
 Parameters:    Size  Location     Type
  _pin_config     2    0[COMRAM] PTR const struct .
		 -> led_turn_off@pin_obj(1), led_turn_on@pin_obj(1), led_initialize@pin_obj(1), 
  logic           1    2[COMRAM] enum E2757
 Auto vars:     Size  Location     Type
  ret             1    9[COMRAM] unsigned char 
 Return value:  Size  Location     Type
                  1    wreg      unsigned char 
 Registers used:
		wreg, fsr2l, fsr2h, status,2, status,0, prodl, prodh
 Tracked objects:
		On entry : 
		On exit  : 
		Unchanged: 
 Data sizes:     COMRAM   BANK0   BANK1   BANK2   BANK3   BANK4   BANK5   BANK6   BANK7   BANK8   BANK9  BANK10  BANK11  BANK12  BANK13  BANK14  BANK15
      Params:         3       0       0       0       0       0       0       0       0       0       0       0       0       0       0       0       0
      Locals:         1       0       0       0       0       0       0       0       0       0       0       0       0       0       0       0       0
      Temps:          6       0       0       0       0       0       0       0       0       0       0       0       0       0       0       0       0
      Totals:        10       0       0       0       0       0       0       0       0       0       0       0       0       0       0       0       0
Total ram usage:       10 bytes
 Hardware stack levels used:    1
 This function calls:
		Nothing
 This function is called by:
		_led_turn_on
		_led_turn_off
		_gpio_pin_intialize
 This function uses a non-reentrant model


 *************** function _gpio_pin_direction_intialize *****************
 Defined at:
		line 25 in file "MCAL_Layer/GPIO/hal_gpio.c"
 Parameters:    Size  Location     Type
  _pin_config     2    0[COMRAM] PTR const struct .
		 -> led_initialize@pin_obj(1), 
 Auto vars:     Size  Location     Type
  ret             1    8[COMRAM] unsigned char 
 Return value:  Size  Location     Type
                  1    wreg      unsigned char 
 Registers used:
		wreg, fsr2l, fsr2h, status,2, status,0, prodl, prodh
 Tracked objects:
		On entry : 
		On exit  : 
		Unchanged: 
 Data sizes:     COMRAM   BANK0   BANK1   BANK2   BANK3   BANK4   BANK5   BANK6   BANK7   BANK8   BANK9  BANK10  BANK11  BANK12  BANK13  BANK14  BANK15
      Params:         2       0       0       0       0       0       0       0       0       0       0       0       0       0       0       0       0
      Locals:         1       0       0       0       0       0       0       0       0       0       0       0       0       0       0       0       0
      Temps:          6       0       0       0       0       0       0       0       0       0       0       0       0       0       0       0       0
      Totals:         9       0       0       0       0       0       0       0       0       0       0       0       0       0       0       0       0
Total ram usage:        9 bytes
 Hardware stack levels used:    1
 This function calls:
		Nothing
 This function is called by:
		_gpio_pin_intialize
 This function uses a non-reentrant model



MODULE INFORMATION

Module		Function		Class		Link	Load	Size
shared
		__initialization		CODE           	FAF8	0000	41

shared estimated size: 41

MCAL_Layer/GPIO/hal_gpio.c
		_gpio_pin_write_logic		CODE           	FD90	0000	301
		_gpio_pin_intialize		CODE           	FB2A	0000	103
		_gpio_pin_direction_intialize		CODE           	FEBC	0000	325

MCAL_Layer/GPIO/hal_gpio.c estimated size: 729

ECU_Layer/LED/ecu_led.c
		_led_initialize		CODE           	FC7C	0000	125
		_led_turn_on   		CODE           	FC06	0000	119
		_led_turn_off  		CODE           	FB90	0000	119

ECU_Layer/LED/ecu_led.c estimated size: 363

application.c
		_main          		CODE           	FCF8	0000	153
		_application_intialize		CODE           	FAC6	0000	51

application.c estimated size: 204

